// Jest Snapshot v1, https://goo.gl/fbAQLP

exports[`<Counter /> matches snapshot 1`] = `
<div>
  <div>
    <p>
      0
    </p>
    <div
      class="buttons"
    >
      <button>
        +
      </button>
      <button>
        -
      </button>
    </div>
  </div>
</div>
`;
