// Jest Snapshot v1, https://goo.gl/fbAQLP

exports[`<Profile /> matches snapshot 1`] = `
<div>
  <div>
    <p>
      react
    </p>
    <p>
      리액트
    </p>
  </div>
</div>
`;
